// Jest Snapshot v1, https://goo.gl/fbAQLP

exports[`RequestForm component renders RequestForm 1`] = `
<DocumentFragment>
  <section>
    <form>
      <input
        name="url"
        placeholder="url"
        type="text"
        value="my_url"
      />
      <div>
        <label
          for="GET"
        >
          GET
        </label>
        <input
          checked=""
          id="GET"
          name="method"
          type="radio"
          value="GET"
        />
        <label
          for="POST"
        >
          POST
        </label>
        <input
          id="GET"
          name="method"
          type="radio"
          value="POST"
        />
        <label
          for="PUT"
        >
          PUT
        </label>
        <input
          id="PUT"
          name="method"
          type="radio"
          value="PUT"
        />
        <label
          for="DELETE"
        >
          DELETE
        </label>
        <input
          id="DELETE"
          name="method"
          type="radio"
          value="DELETE"
        />
      </div>
      <button>
        Fetch API
      </button>
      <textarea
        name="request body"
        placeholder="Raw JSON"
      >
        my_json
      </textarea>
    </form>
  </section>
</DocumentFragment>
`;
